// Jest Snapshot v1, https://goo.gl/fbAQLP

exports[`errorOnPurpose API errorOnPurposeAPI do not fetch errorOnPurpose 1`] = `
Object {
  "body": Object {
    "message": "An error occured, sorry !",
  },
  "status": 500,
}
`;
