// Jest Snapshot v1, https://goo.gl/fbAQLP

exports[`HelloWorld API HelloWorldApi do fetch helloWorldRouter 1`] = `
Object {
  "body": Object {
    "message": "Hello World",
  },
  "status": 200,
}
`;
